Microchip MPLAB XC8 Compiler V3.00

Linker command line:

-W-3 \
  --edf=C:\Program Files\Microchip\xc8\v3.00\pic\dat\20241204225717_en.msgs \
  -cn -h+dist/default/production\oled.X.production.sym \
  --cmf=dist/default/production\oled.X.production.cmf -z -Q16F72 \
  -oC:\Users\dhima\AppData\Local\Temp\xcAsc6g.\driver_tmp_3.o \
  --defsym=__MPLAB_BUILD=1 --fixupoverflow=error \
  -Mdist/default/production/oled.X.production.map \
  --md=C:\Users\dhima\AppData\Local\Temp\xcAsc6g.\driver_tmp_0.dat -E1 \
  -ver=XC8 Compiler -ACODE=00h-07FFh -ASTRCODE=00h-07FFh \
  -ASTRING=00h-0FFhx8 -ACONST=00h-0FFhx8 -AENTRY=00h-0FFhx8 \
  -ACOMMON=040h-07Fh -ABANK0=020h-03Fh -ABANK1=0A0h-0BFh \
  -ARAM=020h-03Fh,0A0h-0BFh -AABS1=020h-07Fh,0A0h-0BFh -ASFR0=00h-01Fh \
  -ASFR1=080h-09Fh -ASFR2=0100h-013Fh -ASFR3=0180h-01BFh \
  -ACONFIG=02007h-02007h -DCONFIG=2 -AIDLOC=02000h-02003h -DIDLOC=2 \
  -DCODE=2 -DSTRCODE=2 -DSTRING=2 -DCONST=2 -DENTRY=2 \
  -preset_vec=00h,intentry,sivt,init,end_init -ppowerup=CODE -pcinit=CODE \
  -pfunctab=ENTRY -k \
  C:\Users\dhima\AppData\Local\Temp\xcAsc6g.\driver_tmp_9.o \
  dist/default/production\oled.X.production.o 

Object code version is 3.11

Machine type is 16F72



                Name                               Link     Load   Length Selector   Space Scale
C:\Users\dhima\AppData\Local\Temp\xcAsc6g.\driver_tmp_9.o
                end_init                              0        0        1        0       0
                config                             2007     2007        1        0       4
dist/default/production\oled.X.production.o
                cinit                               7FE      7FE        2      FFC       0
                config                             2007     2007        1        0       4
                text14                              15E      15E       16      2BC       0
                text13                              1E9      1E9       2D      3D2       0
                text12                              13F      13F        C      27E       0
                text11                              7EE      7EE        C      E3E       0
                text10                              135      135        A      26A       0
                text9                               199      199       28      332       0
                text8                               2BE      2BE       42      57C       0
                text7                               249      249       38      492       0
                text6                               14B      14B       13      296       0
                text5                               174      174       25      2E8       0
                text4                               71F      71F       88      E3E       0
                text3                               7A7      7A7       47      E3E       0
                text2                               1C1      1C1       28      382       0
                text1                               216      216       33      42C       0
                maintext                            281      281       3D      502       0
                cstackCOMMON                         40       40       25       40       1
                stringtext                          300      300      41F        6       0

TOTAL           Name                               Link     Load   Length     Space
        CLASS   CODE           
                end_init                              0        0        1         0
                cinit                               7FE      7FE        2         0
                text14                              15E      15E       16         0
                text13                              1E9      1E9       2D         0
                text12                              13F      13F        C         0
                text11                              7EE      7EE        C         0
                text10                              135      135        A         0
                text9                               199      199       28         0
                text8                               2BE      2BE       42         0
                text7                               249      249       38         0
                text6                               14B      14B       13         0
                text5                               174      174       25         0
                text4                               71F      71F       88         0
                text3                               7A7      7A7       47         0
                text2                               1C1      1C1       28         0
                text1                               216      216       33         0
                maintext                            281      281       3D         0

        CLASS   STRCODE        
                stringtext                          300      300      41F         0

        CLASS   STRING         

        CLASS   CONST          

        CLASS   ENTRY          

        CLASS   COMMON         
                cstackCOMMON                         40       40       25         1

        CLASS   BANK0          

        CLASS   BANK1          

        CLASS   RAM            

        CLASS   ABS1           
                abs_s1                               7E       7E        2         1

        CLASS   SFR0           

        CLASS   SFR1           

        CLASS   SFR2           

        CLASS   SFR3           

        CLASS   CONFIG         
                config                             2007     2007        1         4

        CLASS   IDLOC          

        CLASS   BANK3          

        CLASS   BANK2          

        CLASS   HEAP           

        CLASS   STACK          

        CLASS   EEDATA         



SEGMENTS        Name                           Load    Length   Top    Selector   Space  Class     Delta

                reset_vec                      000000  000001  000001         0       0  CODE        2
                cstackCOMMON                   000040  000025  000065        40       1  COMMON      1
                text10                         000135  00000A  00013F       26A       0  CODE        2
                text12                         00013F  00000C  00014B       27E       0  CODE        2
                text6                          00014B  000013  00015E       296       0  CODE        2
                text14                         00015E  000016  000174       2BC       0  CODE        2
                text5                          000174  000025  000199       2E8       0  CODE        2
                text9                          000199  000028  0001C1       332       0  CODE        2
                text2                          0001C1  000028  0001E9       382       0  CODE        2
                text13                         0001E9  00002D  000216       3D2       0  CODE        2
                text1                          000216  000033  000249       42C       0  CODE        2
                text7                          000249  000038  000281       492       0  CODE        2
                maintext                       000281  00003D  0002BE       502       0  CODE        2
                text8                          0002BE  000042  000300       57C       0  CODE        2
                stringtext                     000300  00041F  00071F         6       0  STRCODE     2
                text4                          00071F  0000DB  0007FA       E3E       0  CODE        2
                cinit                          0007FE  000002  000800       FFC       0  CODE        2


UNUSED ADDRESS RANGES

        Name                Unused          Largest block    Delta
        BANK0            0020-003F             20           1
        BANK1            00A0-00BF             20           1
        CODE             0001-0134            134           2
                         07FA-07FD              4
        COMMON           0065-007D             19           1
        CONST            0001-0134             FF           2
                         07FA-07FD              4
        ENTRY            0001-0134             FF           2
                         07FA-07FD              4
        IDLOC            2000-2003              4           2
        RAM              0020-003F             20           1
                         00A0-00BF             20
        SFR0             0000-001F             20           1
        SFR1             0080-009F             20           1
        SFR2             0100-013F             40           1
        SFR3             0180-01BF             40           1
        STRCODE          0001-0134            134           2
                         07FA-07FD              4
        STRING           0001-0134             FF           2
                         07FA-07FD              4

                                  Symbol Table

?___lwdiv                cstackCOMMON 0040
?___lwmod                cstackCOMMON 0040
?___wmul                 cstackCOMMON 0040
_RA1                     (abs)        0029
_RC3                     (abs)        003B
_RC4                     (abs)        003C
_TRISA1                  (abs)        0429
_TRISC3                  (abs)        043B
_TRISC4                  (abs)        043C
__H__absolute__          __absolute__ 0000
__Habs1                  abs1         0000
__Hbank0                 bank0        0000
__Hbank1                 bank1        0000
__Hbank2                 bank2        0000
__Hbank3                 bank3        0000
__Hcinit                 cinit        0800
__Hclrtext               clrtext      0000
__Hcode                  code         0000
__Hcommon                common       0000
__Hconfig                config       2008
__HcstackCOMMON          cstackCOMMON 0000
__Heeprom_data           eeprom_data  0000
__Hend_init              end_init     0001
__Hfunctab               functab      0000
__Hheap                  heap         0000
__Hinit                  init         0000
__Hintentry              intentry     0000
__Hmaintext              maintext     0000
__Hpowerup               powerup      0000
__Hram                   ram          0000
__Hreset_vec             reset_vec    0000
__Hsfr0                  sfr0         0000
__Hsfr1                  sfr1         0000
__Hsfr2                  sfr2         0000
__Hsfr3                  sfr3         0000
__Hsivt                  sivt         0000
__Hspace_0               (abs)        0800
__Hspace_1               (abs)        0065
__Hspace_2               (abs)        0000
__Hspace_3               (abs)        0000
__Hspace_4               (abs)        400F
__Hstack                 stack        0000
__Hstrings               strings      0000
__Hstringtext            stringtext   0000
__Htext                  text         0000
__L__absolute__          __absolute__ 0000
__Labs1                  abs1         0000
__Lbank0                 bank0        0000
__Lbank1                 bank1        0000
__Lbank2                 bank2        0000
__Lbank3                 bank3        0000
__Lcinit                 cinit        07FE
__Lclrtext               clrtext      0000
__Lcode                  code         0000
__Lcommon                common       0000
__Lconfig                config       0000
__LcstackCOMMON          cstackCOMMON 0000
__Leeprom_data           eeprom_data  0000
__Lend_init              end_init     0000
__Lfunctab               functab      0000
__Lheap                  heap         0000
__Linit                  init         0000
__Lintentry              intentry     0000
__Lmaintext              maintext     0000
__Lpowerup               powerup      0000
__Lram                   ram          0000
__Lreset_vec             reset_vec    0000
__Lsfr0                  sfr0         0000
__Lsfr1                  sfr1         0000
__Lsfr2                  sfr2         0000
__Lsfr3                  sfr3         0000
__Lsivt                  sivt         0000
__Lspace_0               (abs)        0000
__Lspace_1               (abs)        0000
__Lspace_2               (abs)        0000
__Lspace_3               (abs)        0000
__Lspace_4               (abs)        0000
__Lstack                 stack        0000
__Lstrings               strings      0000
__Lstringtext            stringtext   0000
__Ltext                  text         0000
__S0                     (abs)        0800
__S1                     (abs)        0065
___bmul                  text6        014B
___bmul@multiplicand     cstackCOMMON 0040
___bmul@multiplier       cstackCOMMON 0042
___bmul@product          cstackCOMMON 0041
___heap_hi               (abs)        0000
___heap_lo               (abs)        0000
___int_sp                stack        0000
___int_stack_hi          stack        0000
___int_stack_lo          stack        0000
___latbits               (abs)        0000
___lwdiv                 text8        02BE
___lwdiv@counter         cstackCOMMON 0046
___lwdiv@dividend        cstackCOMMON 0042
___lwdiv@divisor         cstackCOMMON 0040
___lwdiv@quotient        cstackCOMMON 0044
___lwmod                 text7        0249
___lwmod@counter         cstackCOMMON 0044
___lwmod@dividend        cstackCOMMON 0042
___lwmod@divisor         cstackCOMMON 0040
___sp                    stack        0000
___stack_hi              stack        0000
___stack_lo              stack        0000
___stackhi               (abs)        0000
___stacklo               (abs)        0000
___wmul                  text5        0174
___wmul@multiplicand     cstackCOMMON 0042
___wmul@multiplier       cstackCOMMON 0040
___wmul@product          cstackCOMMON 0044
__end_of___bmul          text6        015E
__end_of___lwdiv         text8        0300
__end_of___lwmod         text7        0281
__end_of___wmul          text5        0199
__end_of__initialization cinit        07FE
__end_of__stringtab      stringtext   0312
__end_of_clock           text14       0174
__end_of_clrScreen       text9        01C1
__end_of_command         text10       013F
__end_of_drawChar        text4        07A7
__end_of_drawNumber      text3        07EE
__end_of_drawString      text2        01E9
__end_of_font            stringtext   070E
__end_of_font@font$F99   stringtext   0510
__end_of_main            maintext     02BE
__end_of_oled_init       text1        0249
__end_of_sendData        text13       0216
__end_of_startBit        text12       014B
__end_of_stopBit         text11       07FA
__initialization         cinit        07FE
__pcstackCOMMON          cstackCOMMON 0040
__pmaintext              maintext     0281
__pstringtext            stringtext   0300
__ptext1                 text1        0216
__ptext10                text10       0135
__ptext11                text11       07EE
__ptext12                text12       013F
__ptext13                text13       01E9
__ptext14                text14       015E
__ptext2                 text2        01C1
__ptext3                 text3        07A7
__ptext4                 text4        071F
__ptext5                 text5        0174
__ptext6                 text6        014B
__ptext7                 text7        0249
__ptext8                 text8        02BE
__ptext9                 text9        0199
__stringbase             stringtext   0312
__stringtab              stringtext   0300
_clock                   text14       015E
_clrScreen               text9        0199
_command                 text10       0135
_drawChar                text4        071F
_drawNumber              text3        07A7
_drawString              text2        01C1
_font                    stringtext   0510
_main                    maintext     0281
_oled_init               text1        0216
_sendData                text13       01E9
_startBit                text12       013F
_stopBit                 text11       07EE
btemp                    (abs)        007E
clrScreen@i              cstackCOMMON 0045
clrScreen@y              cstackCOMMON 0046
command@comm             cstackCOMMON 0044
drawChar@btm             cstackCOMMON 0052
drawChar@data            cstackCOMMON 0050
drawChar@i               cstackCOMMON 0053
drawChar@line            cstackCOMMON 0054
drawChar@top             cstackCOMMON 0051
drawChar@x               cstackCOMMON 0047
drawChar@y               cstackCOMMON 0046
drawNumber@digits        cstackCOMMON 005B
drawNumber@i             cstackCOMMON 0061
drawNumber@j             cstackCOMMON 0060
drawNumber@number        cstackCOMMON 0055
drawNumber@x_start       cstackCOMMON 0058
drawNumber@y             cstackCOMMON 0057
drawString@i             cstackCOMMON 0059
drawString@str           cstackCOMMON 0055
drawString@x_start       cstackCOMMON 0058
drawString@y             cstackCOMMON 0057
end_of_initialization    cinit        07FE
intlevel0                functab      0000
intlevel1                functab      0000
intlevel2                functab      0000
intlevel3                functab      0000
intlevel4                functab      0000
intlevel5                functab      0000
reset_vec                reset_vec    0000
sendData@b               cstackCOMMON 0043
sendData@dataB           cstackCOMMON 0042
start                    init         0000
start_initialization     cinit        07FE
wtemp0                   (abs)        007E


MODULE INFORMATION

Module		Function		Class		Link	Load	Size
C:\Program Files\Microchip\xc8\v3.00\pic\sources\c99\common\Umul16.c
		___wmul        		CODE           	0174	0000	37

C:\Program Files\Microchip\xc8\v3.00\pic\sources\c99\common\Umul16.c estimated size: 37

C:\Program Files\Microchip\xc8\v3.00\pic\sources\c99\common\lwmod.c
		___lwmod       		CODE           	0249	0000	56

C:\Program Files\Microchip\xc8\v3.00\pic\sources\c99\common\lwmod.c estimated size: 56

shared
		__stringtab    		STRCODE        	0300	0000	18
		_font          		STRCODE        	0510	0000	510
		__initialization		CODE           	07FE	0000	1
		_font@font$F99 		STRCODE        	0000	0000	0

shared estimated size: 529

C:\Program Files\Microchip\xc8\v3.00\pic\sources\c99\common\lwdiv.c
		___lwdiv       		CODE           	02BE	0000	66

C:\Program Files\Microchip\xc8\v3.00\pic\sources\c99\common\lwdiv.c estimated size: 66

main.c
		_drawChar      		CODE           	071F	0000	136
		_clock         		CODE           	015E	0000	22
		_clrScreen     		CODE           	0199	0000	40
		_main          		CODE           	0281	0000	61
		_stopBit       		CODE           	07EE	0000	12
		_drawString    		CODE           	01C1	0000	40
		_drawNumber    		CODE           	07A7	0000	71
		_startBit      		CODE           	013F	0000	12
		_oled_init     		CODE           	0216	0000	51
		_sendData      		CODE           	01E9	0000	45
		_command       		CODE           	0135	0000	10

main.c estimated size: 500

C:\Program Files\Microchip\xc8\v3.00\pic\sources\c99\common\Umul8.c
		___bmul        		CODE           	014B	0000	19

C:\Program Files\Microchip\xc8\v3.00\pic\sources\c99\common\Umul8.c estimated size: 19

